// Jest Snapshot v1, https://goo.gl/fbAQLP

exports[`initialization can load braze: 
      NodeList [
        <script
          src="https://js.appboycdn.com/web-sdk/4.0/braze.no-amd.min.js"
          type="text/javascript"
        />,
        <script>
          // the emptiness
        </script>,
      ]
     1`] = `
NodeList [
  <script
    src="https://js.appboycdn.com/web-sdk/4.0/braze.no-amd.min.js"
    status="loaded"
    type="text/javascript"
  />,
  <script>
    // the emptiness
  </script>,
]
`;
